// Jest Snapshot v1, https://goo.gl/fbAQLP

exports[`<CarouselItems /> renders the component 1`] = `undefined`;
