// Jest Snapshot v1, https://goo.gl/fbAQLP

exports[`<Carousel /> renders the component 1`] = `undefined`;
