// Jest Snapshot v1, https://goo.gl/fbAQLP

exports[`<ExtrasList /> renders the component 1`] = `undefined`;
