// Jest Snapshot v1, https://goo.gl/fbAQLP

exports[`<ExtraComment /> renders the component 1`] = `undefined`;
