// Jest Snapshot v1, https://goo.gl/fbAQLP

exports[`<InfoIcon /> renders the component 1`] = `undefined`;
