// Jest Snapshot v1, https://goo.gl/fbAQLP

exports[`<InfosList /> renders the component 1`] = `undefined`;
