// Jest Snapshot v1, https://goo.gl/fbAQLP

exports[`<RelatedITems /> renders the component 1`] = `undefined`;
