// Jest Snapshot v1, https://goo.gl/fbAQLP

exports[`<TextTruncate /> renders the component 1`] = `undefined`;
