// Jest Snapshot v1, https://goo.gl/fbAQLP

exports[`<CarouselNav /> renders the component 1`] = `undefined`;
