// Jest Snapshot v1, https://goo.gl/fbAQLP

exports[`<ExtraRate /> renders the component 1`] = `undefined`;
